#-----------------------------------------------------------
# Vivado v2023.1 (64-bit)
# SW Build 3865809 on Sun May  7 15:05:29 MDT 2023
# IP Build 3864474 on Sun May  7 20:36:21 MDT 2023
# SharedData Build 3865790 on Sun May 07 13:33:03 MDT 2023
# Start of session at: Thu May 23 13:56:32 2024
# Process ID: 8784
# Current directory: C:/Users/samue/OneDrive/Desktop/CPE_333/Github/CPE333/RetryOtter333/RetryOtter333.srcs/utils_1/imports/synth_1
# Command line: vivado.exe -gui_launcher_event rodinguilauncherevent11148 C:\Users\samue\OneDrive\Desktop\CPE_333\Github\CPE333\RetryOtter333\RetryOtter333.srcs\utils_1\imports\synth_1\Pipeline_Otter.dcp
# Log file: C:/Users/samue/OneDrive/Desktop/CPE_333/Github/CPE333/RetryOtter333/RetryOtter333.srcs/utils_1/imports/synth_1/vivado.log
# Journal file: C:/Users/samue/OneDrive/Desktop/CPE_333/Github/CPE333/RetryOtter333/RetryOtter333.srcs/utils_1/imports/synth_1\vivado.jou
# Running On: MSI, OS: Windows, CPU Frequency: 2918 MHz, CPU Physical cores: 4, Host memory: 16867 MB
#-----------------------------------------------------------
start_gui
open_checkpoint C:/Users/samue/OneDrive/Desktop/CPE_333/Github/CPE333/RetryOtter333/RetryOtter333.srcs/utils_1/imports/synth_1/Pipeline_Otter.dcp
